AS65 Assembler for R6502 [1.42].                                     Page    1
-------------------------------- Project.asm ---------------------------------

45 lines read, no errors in pass 1.
                        
1700 =                  PortAS		equ	$1700
1701 =                  PortASDDR	equ	$1701
1740 =                  PortAK		equ	$1740
1741 =                  PortAKDDR	equ	$1741
1f6a =                  GetKey		equ	$1F6A
                        
0200 =                  		org	$0200
                        
                        		code
                        ;-----------------------------------------------------
                        ;----------------------- Scans for the key press andst
                        ;-----------------------------------------------------
                        
                        
0200 : a200             Scan:		ldx	#$00
0202 : 8e4117           		stx	PortAKDDR
0205 : 206a1f           		jsr	GetKey
0208 : c915             		cmp	#$15
020a : f0f4             		beq	Scan
020c : a8               		tay
                        ;-----------------------------------------------------
                        ;--------------- Takes Register Y data and moves the s
                        ;-----------------------------------------------------
                        
020d : a501             Start:		lda	$01
020f : 8d0017           		sta	PortAS
0212 : a501             		lda	$01
0214 : 8d0117           		sta	PortASDDR
0217 : 202d02           Delay1:		jsr	Delay100
021a : 88               		dey
021b : d0fa             		bne	Delay1
021d : a900             		lda	#$00
021f : 8d0017           		sta	PortAS
0222 : a0c8             		ldy	#$C8
0224 : 202d02           Delay2:		jsr	Delay100
0227 : 88               		dey
0228 : d0fa             		bne	Delay2
022a : 4c0002           		jmp	Scan
                        ;
                        ;
022d : a214             Delay100: 		ldx	#$14
022f : ca               Jump:		dex
0230 : d0fd             		bne	Jump
0232 : 60               		rts
                        	
No errors in pass 2.
