AS65 Assembler for R6502 [1.42].                                     Page    1
--------------------------------- Servo.asm ----------------------------------

28 lines read, no errors in pass 1.
                        
1700 =                  PortAS		equ	$1700
1701 =                  PortASDDR	equ	$1701
                        
0200 =                  		org	$0200
                        
                        		code
0200 : a501             		lda	$01
0202 : 8d0017           		sta	PortAS
0205 : a501             		lda	$01
0207 : 8d0117           		sta	PortASDDR
020a : a00f             Start:		ldy	#$0F
020c : 202202           Delay1:		jsr	Delay100
020f : 88               		dey
0210 : d0fa             		bne	Delay1
0212 : a900             		lda	#$00
0214 : 8d0017           		sta	PortAS
0217 : a0c8             		ldy	#$C8
0219 : 202202           Delay2:		jsr	Delay100
021c : 88               		dey
021d : d0fa             		bne	Delay2
021f : 4c0a02           		jmp	Start
                        ;
                        ;
0222 : a214             Delay100: 		ldx	#$14
0224 : ca               Jump:		dex
0225 : d0fd             		bne	Jump
0227 : 60               		rts
                        	
No errors in pass 2.
